exports[`formatCurrency should fail to format undefined 1`] = `"Wrong value"`;

exports[`formatCurrency should properly format 1 dollar 1`] = `"$1.00"`;

exports[`formatCurrency should properly format 1 million dollars 1`] = `"$1m"`;
